// Jest Snapshot v1, https://goo.gl/fbAQLP

exports[`<Button /> component should match snapshot 1`] = `
<div
  class="sc-jAaTju klJtKp 
    button
    primary
    button-large
    primary--default
    primary--default__undefined
    
    button primary--default-large
  "
>
  <a
    class="sc-bdVaJa gYYOnH"
  >
    Button text
  </a>
</div>
`;
