// Jest Snapshot v1, https://goo.gl/fbAQLP

exports[`<Breadcrumb /> component should match snapshot 1`] = `
<div
  class="sc-jWBwVP jZcPPp"
>
  <div
    class="sc-brqgnP jyxKUE"
  >
    <div
      class="sc-cMljjf ldYMkv"
    >
      <div
        class="sc-htpNat sc-jTzLTM cBwkxP"
        disabled=""
      >
        <svg
          fill="none"
          height="9"
          viewBox="0 0 14 10"
          width="11"
          xmlns="http://www.w3.org/2000/svg"
        >
          <path
            d="M1 5L4.68 8.5L12.5657 1"
            stroke-width="2"
          />
        </svg>
      </div>
      <div
        class="sc-jAaTju gRHrAW"
      />
    </div>
    <p
      class="sc-jDwBTQ iiTNQM"
    >
      text 1
    </p>
    <div
      class="sc-htpNat sc-fjdhpX jtImPi"
    >
      <svg
        fill="none"
        height="8"
        viewBox="0 0 32 8"
        width="32"
        xmlns="http://www.w3.org/2000/svg"
      >
        <path
          d="M31.3536 4.35355C31.5488 4.15829 31.5488 3.84171 31.3536 3.64645L28.1716 0.464466C27.9763 0.269204 27.6597 0.269204 27.4645 0.464466C27.2692 0.659728 27.2692 0.976311 27.4645 1.17157L30.2929 4L27.4645 6.82843C27.2692 7.02369 27.2692 7.34027 27.4645 7.53553C27.6597 7.7308 27.9763 7.7308 28.1716 7.53553L31.3536 4.35355ZM0 4.5H31V3.5H0V4.5Z"
          fill="#9A9EA9"
        />
      </svg>
    </div>
  </div>
  <div
    class="sc-brqgnP jyxKUE"
  >
    <div
      class="sc-cMljjf ldYMkv"
    >
      <div
        class="sc-htpNat sc-jTzLTM cBwkxP"
        disabled=""
      >
        <svg
          fill="none"
          height="9"
          viewBox="0 0 14 10"
          width="11"
          xmlns="http://www.w3.org/2000/svg"
        >
          <path
            d="M1 5L4.68 8.5L12.5657 1"
            stroke-width="2"
          />
        </svg>
      </div>
      <div
        class="sc-jAaTju hwtDyn"
      />
    </div>
    <p
      class="sc-jDwBTQ ktgbGO"
    >
      text 2
    </p>
    <div
      class="sc-htpNat sc-fjdhpX jtImPi"
    >
      <svg
        fill="none"
        height="8"
        viewBox="0 0 32 8"
        width="32"
        xmlns="http://www.w3.org/2000/svg"
      >
        <path
          d="M31.3536 4.35355C31.5488 4.15829 31.5488 3.84171 31.3536 3.64645L28.1716 0.464466C27.9763 0.269204 27.6597 0.269204 27.4645 0.464466C27.2692 0.659728 27.2692 0.976311 27.4645 1.17157L30.2929 4L27.4645 6.82843C27.2692 7.02369 27.2692 7.34027 27.4645 7.53553C27.6597 7.7308 27.9763 7.7308 28.1716 7.53553L31.3536 4.35355ZM0 4.5H31V3.5H0V4.5Z"
          fill="#9A9EA9"
        />
      </svg>
    </div>
  </div>
  <div
    class="sc-brqgnP jyxKUE"
  >
    <div
      class="sc-cMljjf ldYMkv"
    >
      <div
        class="sc-htpNat sc-jTzLTM cBwkxP"
        disabled=""
      >
        <svg
          fill="none"
          height="9"
          viewBox="0 0 14 10"
          width="11"
          xmlns="http://www.w3.org/2000/svg"
        >
          <path
            d="M1 5L4.68 8.5L12.5657 1"
            stroke-width="2"
          />
        </svg>
      </div>
      <div
        class="sc-jAaTju hwtDyn"
      />
    </div>
    <p
      class="sc-jDwBTQ ktgbGO"
    >
      text 3
    </p>
    <div
      class="sc-htpNat sc-fjdhpX jtImPi"
    >
      <svg
        fill="none"
        height="8"
        viewBox="0 0 32 8"
        width="32"
        xmlns="http://www.w3.org/2000/svg"
      >
        <path
          d="M31.3536 4.35355C31.5488 4.15829 31.5488 3.84171 31.3536 3.64645L28.1716 0.464466C27.9763 0.269204 27.6597 0.269204 27.4645 0.464466C27.2692 0.659728 27.2692 0.976311 27.4645 1.17157L30.2929 4L27.4645 6.82843C27.2692 7.02369 27.2692 7.34027 27.4645 7.53553C27.6597 7.7308 27.9763 7.7308 28.1716 7.53553L31.3536 4.35355ZM0 4.5H31V3.5H0V4.5Z"
          fill="#9A9EA9"
        />
      </svg>
    </div>
  </div>
  <div
    class="sc-brqgnP jyxKUE"
  >
    <div
      class="sc-cMljjf ldYMkv"
    >
      <div
        class="sc-htpNat sc-jTzLTM cBwkxP"
        disabled=""
      >
        <svg
          fill="none"
          height="9"
          viewBox="0 0 14 10"
          width="11"
          xmlns="http://www.w3.org/2000/svg"
        >
          <path
            d="M1 5L4.68 8.5L12.5657 1"
            stroke-width="2"
          />
        </svg>
      </div>
      <div
        class="sc-jAaTju hwtDyn"
      />
    </div>
    <p
      class="sc-jDwBTQ ktgbGO"
    >
      text 4
    </p>
  </div>
</div>
`;
